                                                   NGFW8BFL                                                   
                                                NGFW8BFL_DICT                                                 

                                             NGFW8BFL.DCF                                                     
                                    Last Modified:  11/12/2025  1:02:09 PM                                    

--------------------------------------------------------------------------------------------------------------
Level Name                    Level Label                                                  Type            Rec
  Record Name                   Record Label                                              Value  Req  Max  Len
--------------------------------------------------------------------------------------------------------------
LEVEL_1                       Level 1                                                                         
  FWRECORD                      Fieldworker record                                               Yes    1   47
Level: Level 1                                         Record: Fieldworker record
--------------------------------------------------------------------------------------------------------------
                                                                                 Data Item            Dec Zero
Item Name              Item Label                                     Start  Len Type Type  Occ  Dec Char Fill
--------------------------------------------------------------------------------------------------------------
FW101             (id) Fieldworker code                                   1    4    N    I    1    0   No   No
                         (record type)                                    0    0   AN    I    1    0   No   No
FW000                  Country code and phase                             5    3   AN    I    1    0   No   No
FW102                  Fieldworker state of residence                     8    2    N    I    1    0   No   No
                               1   FCT-Abuja
                               2   Benue
                               3   Kogi
                               4   Kwara
                               5   Nasarawa
                               6   Niger
                               7   Plateau
                               8   Adamawa
                               9   Bauchi
                               10  Borno
                               11  Gombe
                               12  Taraba
                               13  Yobe
                               14  Jigawa
                               15  Kaduna
                               16  Kano
                               17  Katsina
                               18  Kebbi
                               19  Sokoto
                               20  Zamfara
                               21  Abia
                               22  Anambra
                               23  Ebonyi
                               24  Enugu
                               25  Imo
                               26  Akwa Ibom
                               27  Bayelsa
                               28  Cross River
                               29  Delta
                               30  Edo
                               31  Rivers
                               32  Ekiti
                               33  Lagos
                               34  Ogun
                               35  Ondo
                               36  Osun
                               37  Oyo
FW103                  Fieldworker type of place of residence            10    1    N    I    1    0   No   No
                               1  City
                               2  Town
                               3  Rural
FW104                  Fieldworker age                                   11    2    N    I    1    0   No   No
                               15:70  
FW105                  Fieldworker sex                                   13    1    N    I    1    0   No   No
                               1  Male
                               2  Female
FW106                  Fieldworker marital status                        14    1    N    I    1    0   No   No
                               1  Currently married
                               2  Living with a man/woman
                               3  Widowed
                               4  Divorced
                               5  Separated
                               6  Never married or lived with a man/woman
FW107                  Fieldworker number of living children             15    2    N    I    1    0   No   No
                               0:24  
FW108                  Fieldworker ever had a child who died             17    1    N    I    1    0   No   No
                               1  Yes
                               2  No
FW109                  Highest level of school attended by fieldworker   18    1    N    I    1    0   No   No
                               1  Primary
                               2  Secondary
                               3  Higher
FW110                  Highest class at that level completed by fieldw   19    2    N    I    1    0   No   No
                               0     Less than one year at level
                               1:15  
FW110A                 Ever received clinical, medical, or laboratory    21    1    N    I    1    0   No   No
                               1  Yes
                               2  No
FW110B                 Current occupational category or qualification    22    2    N    I    1    0   No   No
                               1   Medical doctor
                               2   Assistant medical officer
                               3   Clinical officer
                               4   Assistant clinical officer
                               5   Registered nurse/midwife
                               6   Enrolled nurse/midwife
                               7   Nurse assistant/attendant
                               8   Laboratory scientist
                               9   Laboratory technologist
                               10  Laboratory technician
                               11  Laboratory assistant
                               95  No technical qualification
                               96  Other
FW111                  Fieldworker religion                              24    2    N    I    1    0   No   No
                               1  Catholic
                               2  Other christian
                               3  Islam
                               4  Traditionalist
                               6  Other
FW112                  Fieldworker ethnicity                             26    3    N    I    1    0   No   No
                               1    Abua
                               2    Adra/Adarawa
                               3    Adun
                               4    Afcabeya
                               5    Afemai
                               6    Afizire
                               7    Agatu
                               8    Agbassa
                               9    Agbor
                               10   Afo
                               11   Ajowa
                               12   Akpa
                               13   Akwai
                               14   Akye
                               15   Alago
                               16   Amamong
                               17   Amo
                               18   Ana
                               19   Anaguta
                               20   Ankwai
                               21   Annang
                               22   Arab
                               23   Arabo
                               24   Arbar
                               25   Arugu
                               26   Aten/Atam
                               27   Attakar
                               28   Auchi
                               29   Aulliminden
                               30   Awo
                               31   Ayetoro Gbede
                               32   Badarare
                               33   Bade/Badawe
                               34   Bafeke
                               35   Bagathiya
                               36   Baggara
                               37   Bagunge/Badagire
                               38   Bahnake
                               39   Baji/Biji
                               40   Bajju
                               41   Bambaro
                               42   Bambuka
                               43   Bandawa
                               44   Banguji
                               45   Bankalawa
                               46   Bchama
                               47   Barabaci
                               48   Barawa
                               49   Bargawa
                               50   Bassa
                               51   Bekworas
                               53   Berom
                               54   Bini/Edo
                               55   Bogom
                               56   Boiyawa/Bozaya
                               57   Bolawa/Bolewa
                               59   Buduma
                               60   Buko
                               61   Bura/Babur
                               62   Buzu
                               63   Byazhi
                               64   Calabar
                               65   Chala
                               66   Chamba
                               67   Chiba
                               68   Chibok(g)
                               69   Chip
                               70   Dadiya
                               71   Badakare/Dakarkari
                               72   Dakka/Doka
                               73   Dangula
                               74   Daurawa/Dagarawa
                               75   Defaka
                               76   Degima
                               77   Delta Ibo
                               78   Dibo
                               79   Diguza
                               80   Djerma
                               81   Dmoko
                               82   Dolchi
                               83   Ebira/Igbira
                               84   Ebu
                               85   Efik
                               86   Egba
                               87   Egbado
                               88   Eggon
                               89   Egun
                               90   Eket
                               91   Ekoi
                               92   Ekpeye/Afisa/Epie
                               94   Ekulu
                               95   Eleme
                               96   Emu
                               97   Esan
                               98   Etina
                               99   Etsako
                               100  Etulo
                               101  Hadejawa
                               102  Fanso
                               103  Femawa
                               104  Fer
                               105  Filiya/Fali
                               106  Fon
                               107  Foron
                               108  French
                               109  Fulani
                               110  Gamaku
                               111  Gamaru
                               112  Gamuni
                               113  Gana Gana
                               114  Ganawuri
                               115  Gbaju/Gbagi
                               116  Gede/Gude/Gai
                               117  Gerawa
                               118  Gizmawa
                               119  Glauda
                               120  Gmenchi
                               121  Gomo/Gamoyaya
                               122  Gobiri/Gobirawa/Bogobiri
                               123  Gujjurawa
                               124  Guemai
                               125  Gumbarawa
                               126  Gunganchi
                               127  Gwandara
                               128  Gwantu
                               129  Hankwe
                               130  Hausa
                               131  Higgi
                               132  Ibariba
                               133  Ibibio
                               134  Ichen
                               135  Idanre
                               136  Idoma
                               137  Igala
                               138  Igbo/Ibo
                               139  Igede
                               140  Ijaw/Izon
                               141  Ijede
                               142  Ijeme
                               143  Ika
                               144  Ikajo
                               145  Ikara
                               146  Ikpeshi
                               147  Ikpide
                               148  Ikulu
                               149  Ikwere
                               150  Ilaje
                               151  Irigwe
                               152  Ishan
                               153  Isoko
                               154  Itsekiri
                               155  Jaba
                               156  Jajiri
                               157  Jakatoe
                               158  Jaku
                               159  Jara
                               160  Jarawa
                               162  Jibu
                               163  Jonjo
                               164  Jukun
                               165  Kabawa
                               166  Kadara
                               167  Kagoma
                               168  Kagoro
                               169  Kaka
                               170  Kakanda
                               171  Kamantam
                               172  Kambari
                               173  Kambu/Kangu
                               174  Kamuku
                               175  Kanakuru
                               176  Kanawa
                               177  Kaninko
                               178  Kantanawa
                               179  Kanuri/Beriberi
                               180  Manga
                               181  Karekare
                               182  Kataf/Atyap
                               183  Kento
                               184  Kibaku
                               185  Kilba
                               186  Kirdi
                               187  Kodki
                               188  Kofyar
                               189  Kona
                               190  Koro
                               191  Koto
                               192  Kuenuem
                               193  Kumbo
                               194  Kunkawa/Kawa
                               195  Kurama
                               196  Kuteb
                               197  Kuturm
                               198  Kwale/Ukwuani
                               199  Kwanzo
                               200  Lagelu
                               201  Lantang
                               202  Lemoro
                               203  Loh
                               204  Lunguda
                               205  Maba/Mbadowa
                               206  Mada
                               207  Mafa/Maka/Maga
                               208  Mambila
                               209  Mandara
                               210  Mangus/Manju
                               211  Marghi/mangi
                               212  Mbwa
                               213  Mingo
                               214  Mirnang
                               215  Montor
                               216  Mtchiga/Michika
                               217  Mumuye
                               218  Munga
                               219  Mupung
                               220  Mushere
                               221  Mwagavol
                               222  Naiawum
                               223  Namoen
                               224  Ndokwa
                               225  Ndola
                               226  Ngamo
                               227  Ukale
                               228  Ngoshe
                               229  Nili
                               230  Ninnma
                               231  Ninzom
                               232  Nkoroo
                               233  Nnebe
                               234  Numana
                               235  Nungu
                               236  nunku
                               237  Nupe
                               238  Obubua
                               239  Odu
                               240  Ogoja
                               241  Ogoni
                               242  Ogugu
                               243  Okori/Ogori
                               244  Omele
                               245  Ora
                               246  Oron
                               247  Owan
                               249  Owo
                               250  Pa'awa
                               251  Paburi
                               252  Paibun
                               253  Panya
                               254  Pasama
                               255  Pero
                               256  Piya
                               257  Pyem
                               258  Rukuba
                               259  Rulere
                               260  Rundawa
                               261  Sayawa/Siyawa
                               262  Sekere
                               263  Sharawa
                               264  Shomo
                               265  Shuwa
                               266  Somunka
                               267  Sullubawa
                               268  Sura
                               269  Taira
                               270  Tangale
                               272  Tarok
                               273  Tera
                               274  Teskwa
                               275  Tiguni ( ? )
                               276  Tiv
                               277  Tiyari
                               278  Tula
                               279  Ubaija
                               280  Ugbia
                               281  Uhionigbe
                               282  Ukwuani
                               283  Urhobo
                               284  Uyo
                               285  Uzaurue
                               286  Uzeba
                               287  Waja
                               288  Waka
                               289  Wanu
                               290  Wari
                               291  Warjawa
                               292  Wodaabe
                               293  Wurkum
                               294  Yakurr
                               295  Yandang
                               296  Yendre
                               297  Yonubi
                               298  Yoruba
                               299  Zabarmawa
                               301  Kaje
                               302  Igbanko
                               303  Okori/Ogori
                               304  Migili
                               305  Gwari
                               306  Uru
                               307  Okirika
                               308  Egi
                               309  Ogba
                               310  Moroa
                               311  Marwa
                               312  Toff
                               313  Fulfulde
                               314  Kabba/Okun
                               315  Bakabe
                               316  Burmanch
                               317  Kalabari
                               320  Miship
                               321  Karimjo
                               322  Kwa
                               323  Angas
                               324  Bobari
                               325  Yarimawa
                               326  Bakenga
                               327  Agazawa
                               328  Gwoza
                               329  Zalidva
                               330  Nyangdang
                               331  Ngezim
                               332  Hanbagda
                               333  Njanyi
                               334  Dumak
                               335  Kwalla
                               336  Yeskwa and Mubula
                               337  Bile
                               338  Offa
                               339  Yungur
                               340  Pura Pura
                               341  Rindre
                               342  Dukawa
                               343  Ningi
                               344  Cham
                               345  Kamo
                               346  Lala
                               347  Laru
                               348  Lisa
                               349  Gaanda
                               350  Ezza
                               351  Kubasawa.
                               352  Gusu
                               353  Ikpoma
                               354  Buh
                               355  Mushere
                               356  Chakeem
                               357  Jipal
                               358  Ugeb
                               359  Koma
                               360  Verre/Kila
                               361  Zuru
                               362  Honna
                               363  Kapsiki
                               364  Jere
                               365  Gizi Yobe
                               366  Karekare
                               367  Kulere
                               368  Beteer
                               369  Bashama
                               370  Antocha
                               371  Baruba/Baruntin
                               372  Nezou
                               373  Dibba
                               374  Kanum
                               375  Gasawa
                               376  Muryan
                               377  Bageri
                               378  Ahu
                               379  Basange
                               380  Nakere
                               381  Batunu
                               382  Sanga
                               383  Ohari
                               384  Numuro
                               385  Tangale
                               386  Guruma
                               387  Otuwo
                               388  Batala
                               389  Ogbo
                               390  Egbema
                               391  Dara
                               392  Andoni
                               393  Obolo
                               394  Pegan
                               395  Iyala
                               396  Jibawa
                               397  Mungaduso
                               398  Okobo
                               996  Others
                               998  Don't know
FW113A                 English                                           29    1   AN    I    1    0   No   No
                               A  English
FW113B                 Hausa                                             30    1   AN    I    1    0   No   No
                               B  Hausa
FW113C                 Yoruba                                            31    1   AN    I    1    0   No   No
                               C  Yoruba
FW113D                 Igbo                                              32    1   AN    I    1    0   No   No
                               D  Igbo
FW113E                 Urhobo                                            33    1   AN    I    1    0   No   No
                               E  Urhobo
FW113F                 Ibibio                                            34    1   AN    I    1    0   No   No
                               F  Ibibio
FW113G                 Edo                                               35    1   AN    I    1    0   No   No
                               G  Edo
FW113H                 Fulfulde                                          36    1   AN    I    1    0   No   No
                               H  Fulfulde
FW113I                 Kanuri                                            37    1   AN    I    1    0   No   No
                               I  Kanuri
FW113X                 Other language                                    38    1   AN    I    1    0   No   No
                               X  Other language
FW113Y                 No other language                                 39    1   AN    I    1    0   No   No
                               Y  No other language
FW114                  Fieldworker's mother tongue/native language       40    2    N    I    1    0   No   No
                               1   English
                               2   Hausa
                               3   Yoruba
                               4   Igbo
                               5   Urhobo
                               6   Ibibio
                               7   Edo
                               8   Fulfulde
                               9   Kanuri
                               96  Other
FW115A                 Has fieldworker ever worked on a DHS prior to t   42    1    N    I    1    0   No   No
                               1  Yes
                               2  No
FW115B                 Has fieldworker ever worked on an MIS prior to    43    1    N    I    1    0   No   No
                               1  Yes
                               2  No
FW115C                 Has fieldworker ever worked on any other survey   44    1    N    I    1    0   No   No
                               1  Yes
                               2  No
FW116                  Was fieldworker working for NPC or FMOH at the    45    1    N    I    1    0   No   No
                               1  Yes
                               3  No
FW117                  Is fieldworker a permanent or temporary employe   46    1    N    I    1    0   No   No
                               1  Permanent
                               2  Temporary
FW118                  Does fieldworker has any comments                 47    1    N    I    1    0   No   No
                               1  Yes
                               2  No
--------------------------------------------------------------------------------------------------------------
Relation Name         Primary               Linked by             Secondary             Linked by
--------------------------------------------------------------------------------------------------------------
